[0.010s] Invoking command in '/home/vboxuser/Desktop/pcl/ros/build/ida_lidar': CMAKE_PREFIX_PATH=${CMAKE_PREFIX_PATH}:/home/vboxuser/ros2_ws/install/first_pkg:/opt/ros/jazzy DEBUGINFOD_URLS=https://debuginfod.ubuntu.com /usr/bin/cmake /home/vboxuser/Desktop/pcl/ros/src/ida_lidar -DCMAKE_INSTALL_PREFIX=/home/vboxuser/Desktop/pcl/ros/install/ida_lidar
[0.055s] -- The C compiler identification is GNU 13.3.0
[0.101s] -- The CXX compiler identification is GNU 13.3.0
[0.119s] -- Detecting C compiler ABI info
[0.200s] -- Detecting C compiler ABI info - done
[0.207s] -- Check for working C compiler: /usr/bin/cc - skipped
[0.207s] -- Detecting C compile features
[0.207s] -- Detecting C compile features - done
[0.217s] -- Detecting CXX compiler ABI info
[0.317s] -- Detecting CXX compiler ABI info - done
[0.323s] -- Check for working CXX compiler: /usr/bin/c++ - skipped
[0.323s] -- Detecting CXX compile features
[0.324s] -- Detecting CXX compile features - done
[0.327s] -- Found ament_cmake: 2.5.5 (/opt/ros/jazzy/share/ament_cmake/cmake)
[0.439s] -- Found Python3: /usr/bin/python3 (found version "3.12.3") found components: Interpreter 
[0.527s] -- Found rclcpp: 28.1.16 (/opt/ros/jazzy/share/rclcpp/cmake)
[0.552s] -- Found rosidl_generator_c: 4.6.7 (/opt/ros/jazzy/share/rosidl_generator_c/cmake)
[0.561s] -- Found rosidl_generator_cpp: 4.6.7 (/opt/ros/jazzy/share/rosidl_generator_cpp/cmake)
[0.573s] -- Using all available rosidl_typesupport_c: rosidl_typesupport_fastrtps_c;rosidl_typesupport_introspection_c
[0.587s] -- Using all available rosidl_typesupport_cpp: rosidl_typesupport_fastrtps_cpp;rosidl_typesupport_introspection_cpp
[0.642s] -- Found rmw_implementation_cmake: 7.3.3 (/opt/ros/jazzy/share/rmw_implementation_cmake/cmake)
[0.645s] -- Found rmw_fastrtps_cpp: 8.4.3 (/opt/ros/jazzy/share/rmw_fastrtps_cpp/cmake)
[0.720s] -- Found OpenSSL: /usr/lib/x86_64-linux-gnu/libcrypto.so (found version "3.0.13")  
[0.738s] -- Found FastRTPS: /opt/ros/jazzy/include (Required is at least version "2.13") 
[0.756s] -- Using RMW implementation 'rmw_fastrtps_cpp' as default
[0.811s] -- Found sensor_msgs: 5.3.6 (/opt/ros/jazzy/share/sensor_msgs/cmake)
[0.854s] -- Found pcl_conversions: 2.6.2 (/opt/ros/jazzy/share/pcl_conversions/cmake)
[0.912s] [33mCMake Warning (dev) at /usr/lib/x86_64-linux-gnu/cmake/pcl/Modules/FindFLANN.cmake:45 (find_package):
[0.912s]   Policy CMP0144 is not set: find_package uses upper-case <PACKAGENAME>_ROOT
[0.912s]   variables.  Run "cmake --help-policy CMP0144" for policy details.  Use the
[0.912s]   cmake_policy command to set the policy and suppress this warning.
[0.912s] 
[0.912s]   CMake variable FLANN_ROOT is set to:
[0.912s] 
[0.912s]     /usr
[0.912s] 
[0.912s]   For compatibility, find_package is ignoring the variable, but code in a
[0.912s]   .cmake module might still use it.
[0.913s] Call Stack (most recent call first):
[0.913s]   /usr/lib/x86_64-linux-gnu/cmake/pcl/PCLConfig.cmake:261 (find_package)
[0.913s]   /usr/lib/x86_64-linux-gnu/cmake/pcl/PCLConfig.cmake:306 (find_flann)
[0.913s]   /usr/lib/x86_64-linux-gnu/cmake/pcl/PCLConfig.cmake:570 (find_external_library)
[0.913s]   /opt/ros/jazzy/share/pcl_conversions/cmake/ament_cmake_export_dependencies-extras.cmake:21 (find_package)
[0.913s]   /opt/ros/jazzy/share/pcl_conversions/cmake/pcl_conversionsConfig.cmake:41 (include)
[0.913s]   CMakeLists.txt:12 (find_package)
[0.913s] This warning is for project developers.  Use -Wno-dev to suppress it.
[0.913s] [0m
[0.914s] -- Found flann version 1.9.2
[1.197s] -- Found OpenMP_CXX: -fopenmp (found version "4.5") 
[1.197s] -- Found OpenMP: TRUE (found version "4.5") found components: CXX 
[2.285s] -- Checking for module 'libusb-1.0'
[2.302s] --   Found libusb-1.0, version 1.0.27
[2.339s] -- Found libusb: /usr/lib/x86_64-linux-gnu/libusb-1.0.so  
[2.340s] -- OpenNI found (version: 1.5.4.0, include: /usr/include/ni, lib: /usr/lib/libOpenNI.so;libusb::libusb)
[2.399s] -- OpenNI2 found (version: 2.2.0.33, include: /usr/include/openni2, lib: /usr/lib/x86_64-linux-gnu/libOpenNI2.so;libusb::libusb)
[2.401s] -- Could NOT find Pcap (missing: PCAP_LIBRARIES PCAP_INCLUDE_DIRS) 
[2.409s] -- Found ZLIB: /usr/lib/x86_64-linux-gnu/libz.so (found version "1.3")  
[2.421s] -- Found PNG: /usr/lib/x86_64-linux-gnu/libpng.so (found version "1.6.43") 
[2.722s] -- OpenNI found (version: 1.5.4.0, include: /usr/include/ni, lib: /usr/lib/libOpenNI.so;libusb::libusb)
[2.730s] -- OpenNI2 found (version: 2.2.0.33, include: /usr/include/openni2, lib: /usr/lib/x86_64-linux-gnu/libOpenNI2.so;libusb::libusb)
[3.046s] -- Found Qhull version 8.0.2
[3.338s] -- OpenNI found (version: 1.5.4.0, include: /usr/include/ni, lib: /usr/lib/libOpenNI.so;libusb::libusb)
[3.634s] -- Found PCL_COMMON: /usr/lib/x86_64-linux-gnu/libpcl_common.so  
[3.634s] -- Found PCL_KDTREE: /usr/lib/x86_64-linux-gnu/libpcl_kdtree.so  
[3.635s] -- Found PCL_OCTREE: /usr/lib/x86_64-linux-gnu/libpcl_octree.so  
[3.638s] -- Found PCL_SEARCH: /usr/lib/x86_64-linux-gnu/libpcl_search.so  
[3.639s] -- Found PCL_SAMPLE_CONSENSUS: /usr/lib/x86_64-linux-gnu/libpcl_sample_consensus.so  
[3.639s] -- Found PCL_FILTERS: /usr/lib/x86_64-linux-gnu/libpcl_filters.so  
[3.639s] -- Found PCL_2D: /usr/include/pcl-1.14  
[3.640s] -- Found PCL_GEOMETRY: /usr/include/pcl-1.14  
[3.641s] -- Found PCL_IO: /usr/lib/x86_64-linux-gnu/libpcl_io.so  
[3.642s] -- Found PCL_FEATURES: /usr/lib/x86_64-linux-gnu/libpcl_features.so  
[3.643s] -- Found PCL_ML: /usr/lib/x86_64-linux-gnu/libpcl_ml.so  
[3.643s] -- Found PCL_SEGMENTATION: /usr/lib/x86_64-linux-gnu/libpcl_segmentation.so  
[3.644s] -- Found PCL_VISUALIZATION: /usr/lib/x86_64-linux-gnu/libpcl_visualization.so  
[3.645s] -- Found PCL_SURFACE: /usr/lib/x86_64-linux-gnu/libpcl_surface.so  
[3.646s] -- Found PCL_REGISTRATION: /usr/lib/x86_64-linux-gnu/libpcl_registration.so  
[3.647s] -- Found PCL_KEYPOINTS: /usr/lib/x86_64-linux-gnu/libpcl_keypoints.so  
[3.648s] -- Found PCL_TRACKING: /usr/lib/x86_64-linux-gnu/libpcl_tracking.so  
[3.649s] -- Found PCL_RECOGNITION: /usr/lib/x86_64-linux-gnu/libpcl_recognition.so  
[3.650s] -- Found PCL_STEREO: /usr/lib/x86_64-linux-gnu/libpcl_stereo.so  
[3.651s] -- Found PCL_APPS: /usr/lib/x86_64-linux-gnu/libpcl_apps.so  
[3.652s] -- Found PCL_IN_HAND_SCANNER: /usr/include/pcl-1.14  
[3.652s] -- Found PCL_MODELER: /usr/include/pcl-1.14  
[3.653s] -- Found PCL_POINT_CLOUD_EDITOR: /usr/include/pcl-1.14  
[3.653s] -- Found PCL_OUTOFCORE: /usr/lib/x86_64-linux-gnu/libpcl_outofcore.so  
[3.654s] -- Found PCL_PEOPLE: /usr/lib/x86_64-linux-gnu/libpcl_people.so  
[3.660s] -- Found ament_lint_auto: 0.17.4 (/opt/ros/jazzy/share/ament_lint_auto/cmake)
[3.747s] -- Added test 'cppcheck' to perform static code analysis on C / C++ code
[3.748s] -- Configured cppcheck include dirs: 
[3.748s] -- Configured cppcheck exclude dirs and/or files: 
[3.749s] -- Added test 'lint_cmake' to check CMake code style
[3.752s] -- Added test 'uncrustify' to check C / C++ code style
[3.753s] -- Configured uncrustify additional arguments: 
[3.754s] -- Added test 'xmllint' to check XML markup files
[3.755s] -- Configuring done (3.7s)
[3.762s] -- Generating done (0.0s)
[3.763s] -- Build files have been written to: /home/vboxuser/Desktop/pcl/ros/build/ida_lidar
[3.776s] Invoked command in '/home/vboxuser/Desktop/pcl/ros/build/ida_lidar' returned '0': CMAKE_PREFIX_PATH=${CMAKE_PREFIX_PATH}:/home/vboxuser/ros2_ws/install/first_pkg:/opt/ros/jazzy DEBUGINFOD_URLS=https://debuginfod.ubuntu.com /usr/bin/cmake /home/vboxuser/Desktop/pcl/ros/src/ida_lidar -DCMAKE_INSTALL_PREFIX=/home/vboxuser/Desktop/pcl/ros/install/ida_lidar
[3.777s] Invoking command in '/home/vboxuser/Desktop/pcl/ros/build/ida_lidar': CMAKE_PREFIX_PATH=${CMAKE_PREFIX_PATH}:/home/vboxuser/ros2_ws/install/first_pkg:/opt/ros/jazzy DEBUGINFOD_URLS=https://debuginfod.ubuntu.com /usr/bin/cmake --build /home/vboxuser/Desktop/pcl/ros/build/ida_lidar -- -j6 -l6
[3.818s] Invoked command in '/home/vboxuser/Desktop/pcl/ros/build/ida_lidar' returned '0': CMAKE_PREFIX_PATH=${CMAKE_PREFIX_PATH}:/home/vboxuser/ros2_ws/install/first_pkg:/opt/ros/jazzy DEBUGINFOD_URLS=https://debuginfod.ubuntu.com /usr/bin/cmake --build /home/vboxuser/Desktop/pcl/ros/build/ida_lidar -- -j6 -l6
[3.827s] Invoking command in '/home/vboxuser/Desktop/pcl/ros/build/ida_lidar': CMAKE_PREFIX_PATH=${CMAKE_PREFIX_PATH}:/home/vboxuser/ros2_ws/install/first_pkg:/opt/ros/jazzy DEBUGINFOD_URLS=https://debuginfod.ubuntu.com /usr/bin/cmake --install /home/vboxuser/Desktop/pcl/ros/build/ida_lidar
[3.836s] -- Install configuration: ""
[3.836s] -- Installing: /home/vboxuser/Desktop/pcl/ros/install/ida_lidar/share/ament_index/resource_index/package_run_dependencies/ida_lidar
[3.836s] -- Installing: /home/vboxuser/Desktop/pcl/ros/install/ida_lidar/share/ament_index/resource_index/parent_prefix_path/ida_lidar
[3.836s] -- Installing: /home/vboxuser/Desktop/pcl/ros/install/ida_lidar/share/ida_lidar/environment/ament_prefix_path.sh
[3.837s] -- Installing: /home/vboxuser/Desktop/pcl/ros/install/ida_lidar/share/ida_lidar/environment/ament_prefix_path.dsv
[3.837s] -- Installing: /home/vboxuser/Desktop/pcl/ros/install/ida_lidar/share/ida_lidar/environment/path.sh
[3.837s] -- Installing: /home/vboxuser/Desktop/pcl/ros/install/ida_lidar/share/ida_lidar/environment/path.dsv
[3.837s] -- Installing: /home/vboxuser/Desktop/pcl/ros/install/ida_lidar/share/ida_lidar/local_setup.bash
[3.837s] -- Installing: /home/vboxuser/Desktop/pcl/ros/install/ida_lidar/share/ida_lidar/local_setup.sh
[3.837s] -- Installing: /home/vboxuser/Desktop/pcl/ros/install/ida_lidar/share/ida_lidar/local_setup.zsh
[3.837s] -- Installing: /home/vboxuser/Desktop/pcl/ros/install/ida_lidar/share/ida_lidar/local_setup.dsv
[3.837s] -- Installing: /home/vboxuser/Desktop/pcl/ros/install/ida_lidar/share/ida_lidar/package.dsv
[3.837s] -- Installing: /home/vboxuser/Desktop/pcl/ros/install/ida_lidar/share/ament_index/resource_index/packages/ida_lidar
[3.837s] -- Installing: /home/vboxuser/Desktop/pcl/ros/install/ida_lidar/share/ida_lidar/cmake/ida_lidarConfig.cmake
[3.837s] -- Installing: /home/vboxuser/Desktop/pcl/ros/install/ida_lidar/share/ida_lidar/cmake/ida_lidarConfig-version.cmake
[3.838s] -- Installing: /home/vboxuser/Desktop/pcl/ros/install/ida_lidar/share/ida_lidar/package.xml
[3.839s] Invoked command in '/home/vboxuser/Desktop/pcl/ros/build/ida_lidar' returned '0': CMAKE_PREFIX_PATH=${CMAKE_PREFIX_PATH}:/home/vboxuser/ros2_ws/install/first_pkg:/opt/ros/jazzy DEBUGINFOD_URLS=https://debuginfod.ubuntu.com /usr/bin/cmake --install /home/vboxuser/Desktop/pcl/ros/build/ida_lidar
