-- Found ament_cmake: 2.5.5 (/opt/ros/jazzy/share/ament_cmake/cmake)
-- Found rclcpp: 28.1.16 (/opt/ros/jazzy/share/rclcpp/cmake)
-- Found rosidl_generator_c: 4.6.7 (/opt/ros/jazzy/share/rosidl_generator_c/cmake)
-- Found rosidl_generator_cpp: 4.6.7 (/opt/ros/jazzy/share/rosidl_generator_cpp/cmake)
-- Using all available rosidl_typesupport_c: rosidl_typesupport_fastrtps_c;rosidl_typesupport_introspection_c
-- Using all available rosidl_typesupport_cpp: rosidl_typesupport_fastrtps_cpp;rosidl_typesupport_introspection_cpp
-- Found rmw_implementation_cmake: 7.3.3 (/opt/ros/jazzy/share/rmw_implementation_cmake/cmake)
-- Found rmw_fastrtps_cpp: 8.4.3 (/opt/ros/jazzy/share/rmw_fastrtps_cpp/cmake)
-- Using RMW implementation 'rmw_fastrtps_cpp' as default
-- Found sensor_msgs: 5.3.6 (/opt/ros/jazzy/share/sensor_msgs/cmake)
-- Found pcl_conversions: 2.6.2 (/opt/ros/jazzy/share/pcl_conversions/cmake)
-- Found flann version 1.9.2
-- OpenNI found (version: 1.5.4.0, include: /usr/include/ni, lib: /usr/lib/libOpenNI.so;libusb::libusb)
-- OpenNI2 found (version: 2.2.0.33, include: /usr/include/openni2, lib: /usr/lib/x86_64-linux-gnu/libOpenNI2.so;libusb::libusb)
-- Could NOT find Pcap (missing: PCAP_LIBRARIES PCAP_INCLUDE_DIRS) 
-- OpenNI found (version: 1.5.4.0, include: /usr/include/ni, lib: /usr/lib/libOpenNI.so;libusb::libusb)
-- OpenNI2 found (version: 2.2.0.33, include: /usr/include/openni2, lib: /usr/lib/x86_64-linux-gnu/libOpenNI2.so;libusb::libusb)
-- Found Qhull version 8.0.2
-- OpenNI found (version: 1.5.4.0, include: /usr/include/ni, lib: /usr/lib/libOpenNI.so;libusb::libusb)
-- Configuring done (2.1s)
-- Generating done (0.1s)
-- Build files have been written to: /home/vboxuser/Desktop/pcl/ros/build/ida_lidar
[ 66%] [32mBuilding CXX object CMakeFiles/buoy_lidar.dir/src/main.cpp.o[0m
[ 66%] [32mBuilding CXX object CMakeFiles/buoy_lidar.dir/src/BuoyDetector.cpp.o[0m
[100%] [32m[1mLinking CXX executable buoy_lidar[0m
[100%] Built target buoy_lidar
-- Install configuration: ""
-- Installing: /home/vboxuser/Desktop/pcl/ros/install/ida_lidar/lib/ida_lidar/buoy_lidar
-- Set non-toolchain portion of runtime path of "/home/vboxuser/Desktop/pcl/ros/install/ida_lidar/lib/ida_lidar/buoy_lidar" to ""
-- Up-to-date: /home/vboxuser/Desktop/pcl/ros/install/ida_lidar/share/ament_index/resource_index/package_run_dependencies/ida_lidar
-- Up-to-date: /home/vboxuser/Desktop/pcl/ros/install/ida_lidar/share/ament_index/resource_index/parent_prefix_path/ida_lidar
-- Up-to-date: /home/vboxuser/Desktop/pcl/ros/install/ida_lidar/share/ida_lidar/environment/ament_prefix_path.sh
-- Up-to-date: /home/vboxuser/Desktop/pcl/ros/install/ida_lidar/share/ida_lidar/environment/ament_prefix_path.dsv
-- Up-to-date: /home/vboxuser/Desktop/pcl/ros/install/ida_lidar/share/ida_lidar/environment/path.sh
-- Up-to-date: /home/vboxuser/Desktop/pcl/ros/install/ida_lidar/share/ida_lidar/environment/path.dsv
-- Up-to-date: /home/vboxuser/Desktop/pcl/ros/install/ida_lidar/share/ida_lidar/local_setup.bash
-- Up-to-date: /home/vboxuser/Desktop/pcl/ros/install/ida_lidar/share/ida_lidar/local_setup.sh
-- Up-to-date: /home/vboxuser/Desktop/pcl/ros/install/ida_lidar/share/ida_lidar/local_setup.zsh
-- Up-to-date: /home/vboxuser/Desktop/pcl/ros/install/ida_lidar/share/ida_lidar/local_setup.dsv
-- Installing: /home/vboxuser/Desktop/pcl/ros/install/ida_lidar/share/ida_lidar/package.dsv
-- Up-to-date: /home/vboxuser/Desktop/pcl/ros/install/ida_lidar/share/ament_index/resource_index/packages/ida_lidar
-- Up-to-date: /home/vboxuser/Desktop/pcl/ros/install/ida_lidar/share/ida_lidar/cmake/ida_lidarConfig.cmake
-- Up-to-date: /home/vboxuser/Desktop/pcl/ros/install/ida_lidar/share/ida_lidar/cmake/ida_lidarConfig-version.cmake
-- Up-to-date: /home/vboxuser/Desktop/pcl/ros/install/ida_lidar/share/ida_lidar/package.xml
