[0.067s] DEBUG:colcon:Command line arguments: ['/usr/bin/colcon', 'build', '--packages-select', 'ida_lidar']
[0.067s] DEBUG:colcon:Parsed command line arguments: Namespace(log_base=None, log_level=None, verb_name='build', build_base='build', install_base='install', merge_install=False, symlink_install=False, test_result_base=None, continue_on_error=False, executor='parallel', parallel_workers=6, event_handlers=None, ignore_user_meta=False, metas=['./colcon.meta'], base_paths=['.'], packages_ignore=None, packages_ignore_regex=None, paths=None, packages_up_to=None, packages_up_to_regex=None, packages_above=None, packages_above_and_dependencies=None, packages_above_depth=None, packages_select_by_dep=None, packages_skip_by_dep=None, packages_skip_up_to=None, packages_select_build_failed=False, packages_skip_build_finished=False, packages_select_test_failures=False, packages_skip_test_passed=False, packages_select=['ida_lidar'], packages_skip=None, packages_select_regex=None, packages_skip_regex=None, packages_start=None, packages_end=None, allow_overriding=[], cmake_args=None, cmake_target=None, cmake_target_skip_unavailable=False, cmake_clean_cache=False, cmake_clean_first=False, cmake_force_configure=False, ament_cmake_args=None, catkin_cmake_args=None, catkin_skip_building_tests=False, mixin_files=None, mixin=None, verb_parser=<colcon_mixin.mixin.mixin_argument.MixinArgumentDecorator object at 0x7d21fbd7fd40>, verb_extension=<colcon_core.verb.build.BuildVerb object at 0x7d21fbd1ef90>, main=<bound method BuildVerb.main of <colcon_core.verb.build.BuildVerb object at 0x7d21fbd1ef90>>, mixin_verb=('build',))
[0.091s] Level 1:colcon.colcon_core.package_discovery:discover_packages(colcon_meta) check parameters
[0.091s] Level 1:colcon.colcon_core.package_discovery:discover_packages(recursive) check parameters
[0.091s] Level 1:colcon.colcon_core.package_discovery:discover_packages(ignore) check parameters
[0.091s] Level 1:colcon.colcon_core.package_discovery:discover_packages(path) check parameters
[0.092s] Level 1:colcon.colcon_core.package_discovery:discover_packages(colcon_meta) discover
[0.092s] Level 1:colcon.colcon_core.package_discovery:discover_packages(recursive) discover
[0.092s] INFO:colcon.colcon_core.package_discovery:Crawling recursively for packages in '/home/vboxuser/Desktop/pcl/ros'
[0.092s] Level 1:colcon.colcon_core.package_identification:_identify(.) by extensions ['ignore', 'ignore_ament_install']
[0.092s] Level 1:colcon.colcon_core.package_identification:_identify(.) by extension 'ignore'
[0.092s] Level 1:colcon.colcon_core.package_identification:_identify(.) by extension 'ignore_ament_install'
[0.092s] Level 1:colcon.colcon_core.package_identification:_identify(.) by extensions ['colcon_pkg']
[0.092s] Level 1:colcon.colcon_core.package_identification:_identify(.) by extension 'colcon_pkg'
[0.092s] Level 1:colcon.colcon_core.package_identification:_identify(.) by extensions ['colcon_meta']
[0.092s] Level 1:colcon.colcon_core.package_identification:_identify(.) by extension 'colcon_meta'
[0.092s] Level 1:colcon.colcon_core.package_identification:_identify(.) by extensions ['ros']
[0.092s] Level 1:colcon.colcon_core.package_identification:_identify(.) by extension 'ros'
[0.108s] Level 1:colcon.colcon_core.package_identification:_identify(.) by extensions ['cmake', 'python']
[0.108s] Level 1:colcon.colcon_core.package_identification:_identify(.) by extension 'cmake'
[0.108s] Level 1:colcon.colcon_core.package_identification:_identify(.) by extension 'python'
[0.108s] Level 1:colcon.colcon_core.package_identification:_identify(.) by extensions ['python_setup_py']
[0.108s] Level 1:colcon.colcon_core.package_identification:_identify(.) by extension 'python_setup_py'
[0.109s] Level 1:colcon.colcon_core.package_identification:_identify(build) by extensions ['ignore', 'ignore_ament_install']
[0.109s] Level 1:colcon.colcon_core.package_identification:_identify(build) by extension 'ignore'
[0.109s] Level 1:colcon.colcon_core.package_identification:_identify(build) ignored
[0.109s] Level 1:colcon.colcon_core.package_identification:_identify(install) by extensions ['ignore', 'ignore_ament_install']
[0.109s] Level 1:colcon.colcon_core.package_identification:_identify(install) by extension 'ignore'
[0.109s] Level 1:colcon.colcon_core.package_identification:_identify(install) ignored
[0.109s] Level 1:colcon.colcon_core.package_identification:_identify(log) by extensions ['ignore', 'ignore_ament_install']
[0.109s] Level 1:colcon.colcon_core.package_identification:_identify(log) by extension 'ignore'
[0.109s] Level 1:colcon.colcon_core.package_identification:_identify(log) ignored
[0.109s] Level 1:colcon.colcon_core.package_identification:_identify(src) by extensions ['ignore', 'ignore_ament_install']
[0.109s] Level 1:colcon.colcon_core.package_identification:_identify(src) by extension 'ignore'
[0.109s] Level 1:colcon.colcon_core.package_identification:_identify(src) by extension 'ignore_ament_install'
[0.109s] Level 1:colcon.colcon_core.package_identification:_identify(src) by extensions ['colcon_pkg']
[0.109s] Level 1:colcon.colcon_core.package_identification:_identify(src) by extension 'colcon_pkg'
[0.109s] Level 1:colcon.colcon_core.package_identification:_identify(src) by extensions ['colcon_meta']
[0.109s] Level 1:colcon.colcon_core.package_identification:_identify(src) by extension 'colcon_meta'
[0.109s] Level 1:colcon.colcon_core.package_identification:_identify(src) by extensions ['ros']
[0.109s] Level 1:colcon.colcon_core.package_identification:_identify(src) by extension 'ros'
[0.109s] Level 1:colcon.colcon_core.package_identification:_identify(src) by extensions ['cmake', 'python']
[0.109s] Level 1:colcon.colcon_core.package_identification:_identify(src) by extension 'cmake'
[0.109s] Level 1:colcon.colcon_core.package_identification:_identify(src) by extension 'python'
[0.109s] Level 1:colcon.colcon_core.package_identification:_identify(src) by extensions ['python_setup_py']
[0.109s] Level 1:colcon.colcon_core.package_identification:_identify(src) by extension 'python_setup_py'
[0.109s] Level 1:colcon.colcon_core.package_identification:_identify(src/ida_lidar) by extensions ['ignore', 'ignore_ament_install']
[0.110s] Level 1:colcon.colcon_core.package_identification:_identify(src/ida_lidar) by extension 'ignore'
[0.110s] Level 1:colcon.colcon_core.package_identification:_identify(src/ida_lidar) by extension 'ignore_ament_install'
[0.110s] Level 1:colcon.colcon_core.package_identification:_identify(src/ida_lidar) by extensions ['colcon_pkg']
[0.110s] Level 1:colcon.colcon_core.package_identification:_identify(src/ida_lidar) by extension 'colcon_pkg'
[0.110s] Level 1:colcon.colcon_core.package_identification:_identify(src/ida_lidar) by extensions ['colcon_meta']
[0.110s] Level 1:colcon.colcon_core.package_identification:_identify(src/ida_lidar) by extension 'colcon_meta'
[0.110s] Level 1:colcon.colcon_core.package_identification:_identify(src/ida_lidar) by extensions ['ros']
[0.110s] Level 1:colcon.colcon_core.package_identification:_identify(src/ida_lidar) by extension 'ros'
[0.113s] DEBUG:colcon.colcon_core.package_identification:Package 'src/ida_lidar' with type 'ros.ament_cmake' and name 'ida_lidar'
[0.113s] Level 1:colcon.colcon_core.package_discovery:discover_packages(recursive) using defaults
[0.114s] Level 1:colcon.colcon_core.package_discovery:discover_packages(ignore) discover
[0.114s] Level 1:colcon.colcon_core.package_discovery:discover_packages(ignore) using defaults
[0.114s] Level 1:colcon.colcon_core.package_discovery:discover_packages(path) discover
[0.114s] Level 1:colcon.colcon_core.package_discovery:discover_packages(path) using defaults
[0.126s] Level 1:colcon.colcon_core.package_discovery:discover_packages(prefix_path) check parameters
[0.126s] Level 1:colcon.colcon_core.package_discovery:discover_packages(prefix_path) discover
[0.127s] DEBUG:colcon.colcon_installed_package_information.package_discovery:Found 2 installed packages in /home/vboxuser/ros2_ws/install
[0.128s] DEBUG:colcon.colcon_installed_package_information.package_discovery:Found 317 installed packages in /opt/ros/jazzy
[0.129s] Level 1:colcon.colcon_core.package_discovery:discover_packages(prefix_path) using defaults
[0.152s] Level 5:colcon.colcon_core.verb:set package 'ida_lidar' build argument 'cmake_args' from command line to 'None'
[0.153s] Level 5:colcon.colcon_core.verb:set package 'ida_lidar' build argument 'cmake_target' from command line to 'None'
[0.153s] Level 5:colcon.colcon_core.verb:set package 'ida_lidar' build argument 'cmake_target_skip_unavailable' from command line to 'False'
[0.153s] Level 5:colcon.colcon_core.verb:set package 'ida_lidar' build argument 'cmake_clean_cache' from command line to 'False'
[0.153s] Level 5:colcon.colcon_core.verb:set package 'ida_lidar' build argument 'cmake_clean_first' from command line to 'False'
[0.153s] Level 5:colcon.colcon_core.verb:set package 'ida_lidar' build argument 'cmake_force_configure' from command line to 'False'
[0.153s] Level 5:colcon.colcon_core.verb:set package 'ida_lidar' build argument 'ament_cmake_args' from command line to 'None'
[0.153s] Level 5:colcon.colcon_core.verb:set package 'ida_lidar' build argument 'catkin_cmake_args' from command line to 'None'
[0.153s] Level 5:colcon.colcon_core.verb:set package 'ida_lidar' build argument 'catkin_skip_building_tests' from command line to 'False'
[0.153s] DEBUG:colcon.colcon_core.verb:Building package 'ida_lidar' with the following arguments: {'ament_cmake_args': None, 'build_base': '/home/vboxuser/Desktop/pcl/ros/build/ida_lidar', 'catkin_cmake_args': None, 'catkin_skip_building_tests': False, 'cmake_args': None, 'cmake_clean_cache': False, 'cmake_clean_first': False, 'cmake_force_configure': False, 'cmake_target': None, 'cmake_target_skip_unavailable': False, 'install_base': '/home/vboxuser/Desktop/pcl/ros/install/ida_lidar', 'merge_install': False, 'path': '/home/vboxuser/Desktop/pcl/ros/src/ida_lidar', 'symlink_install': False, 'test_result_base': None}
[0.153s] INFO:colcon.colcon_core.executor:Executing jobs using 'parallel' executor
[0.153s] DEBUG:colcon.colcon_parallel_executor.executor.parallel:run_until_complete
[0.154s] INFO:colcon.colcon_ros.task.ament_cmake.build:Building ROS package in '/home/vboxuser/Desktop/pcl/ros/src/ida_lidar' with build type 'ament_cmake'
[0.154s] INFO:colcon.colcon_cmake.task.cmake.build:Building CMake package in '/home/vboxuser/Desktop/pcl/ros/src/ida_lidar'
[0.156s] INFO:colcon.colcon_core.plugin_system:Skipping extension 'colcon_core.shell.bat': Not used on non-Windows systems
[0.156s] INFO:colcon.colcon_core.shell:Skip shell extension 'powershell' for command environment: Not usable outside of PowerShell
[0.156s] DEBUG:colcon.colcon_core.shell:Skip shell extension 'dsv' for command environment
[0.166s] DEBUG:colcon.colcon_core.event_handler.log_command:Invoking command in '/home/vboxuser/Desktop/pcl/ros/build/ida_lidar': CMAKE_PREFIX_PATH=${CMAKE_PREFIX_PATH}:/home/vboxuser/ros2_ws/install/first_pkg:/opt/ros/jazzy DEBUGINFOD_URLS=https://debuginfod.ubuntu.com /usr/bin/cmake /home/vboxuser/Desktop/pcl/ros/src/ida_lidar -DCMAKE_INSTALL_PREFIX=/home/vboxuser/Desktop/pcl/ros/install/ida_lidar
[3.932s] DEBUG:colcon.colcon_core.event_handler.log_command:Invoked command in '/home/vboxuser/Desktop/pcl/ros/build/ida_lidar' returned '0': CMAKE_PREFIX_PATH=${CMAKE_PREFIX_PATH}:/home/vboxuser/ros2_ws/install/first_pkg:/opt/ros/jazzy DEBUGINFOD_URLS=https://debuginfod.ubuntu.com /usr/bin/cmake /home/vboxuser/Desktop/pcl/ros/src/ida_lidar -DCMAKE_INSTALL_PREFIX=/home/vboxuser/Desktop/pcl/ros/install/ida_lidar
[3.932s] DEBUG:colcon.colcon_core.event_handler.log_command:Invoking command in '/home/vboxuser/Desktop/pcl/ros/build/ida_lidar': CMAKE_PREFIX_PATH=${CMAKE_PREFIX_PATH}:/home/vboxuser/ros2_ws/install/first_pkg:/opt/ros/jazzy DEBUGINFOD_URLS=https://debuginfod.ubuntu.com /usr/bin/cmake --build /home/vboxuser/Desktop/pcl/ros/build/ida_lidar -- -j6 -l6
[3.973s] DEBUG:colcon.colcon_core.event_handler.log_command:Invoked command in '/home/vboxuser/Desktop/pcl/ros/build/ida_lidar' returned '0': CMAKE_PREFIX_PATH=${CMAKE_PREFIX_PATH}:/home/vboxuser/ros2_ws/install/first_pkg:/opt/ros/jazzy DEBUGINFOD_URLS=https://debuginfod.ubuntu.com /usr/bin/cmake --build /home/vboxuser/Desktop/pcl/ros/build/ida_lidar -- -j6 -l6
[3.983s] DEBUG:colcon.colcon_core.event_handler.log_command:Invoking command in '/home/vboxuser/Desktop/pcl/ros/build/ida_lidar': CMAKE_PREFIX_PATH=${CMAKE_PREFIX_PATH}:/home/vboxuser/ros2_ws/install/first_pkg:/opt/ros/jazzy DEBUGINFOD_URLS=https://debuginfod.ubuntu.com /usr/bin/cmake --install /home/vboxuser/Desktop/pcl/ros/build/ida_lidar
[3.994s] Level 1:colcon.colcon_core.environment:create_environment_scripts_only(ida_lidar)
[3.995s] DEBUG:colcon.colcon_core.event_handler.log_command:Invoked command in '/home/vboxuser/Desktop/pcl/ros/build/ida_lidar' returned '0': CMAKE_PREFIX_PATH=${CMAKE_PREFIX_PATH}:/home/vboxuser/ros2_ws/install/first_pkg:/opt/ros/jazzy DEBUGINFOD_URLS=https://debuginfod.ubuntu.com /usr/bin/cmake --install /home/vboxuser/Desktop/pcl/ros/build/ida_lidar
[4.001s] Level 1:colcon.colcon_core.environment:checking '/home/vboxuser/Desktop/pcl/ros/install/ida_lidar' for CMake module files
[4.001s] Level 1:colcon.colcon_core.environment:checking '/home/vboxuser/Desktop/pcl/ros/install/ida_lidar' for CMake config files
[4.002s] Level 1:colcon.colcon_core.shell:create_environment_hook('ida_lidar', 'cmake_prefix_path')
[4.002s] INFO:colcon.colcon_core.shell:Creating environment hook '/home/vboxuser/Desktop/pcl/ros/install/ida_lidar/share/ida_lidar/hook/cmake_prefix_path.ps1'
[4.003s] INFO:colcon.colcon_core.shell:Creating environment descriptor '/home/vboxuser/Desktop/pcl/ros/install/ida_lidar/share/ida_lidar/hook/cmake_prefix_path.dsv'
[4.005s] INFO:colcon.colcon_core.shell:Creating environment hook '/home/vboxuser/Desktop/pcl/ros/install/ida_lidar/share/ida_lidar/hook/cmake_prefix_path.sh'
[4.007s] Level 1:colcon.colcon_core.environment:checking '/home/vboxuser/Desktop/pcl/ros/install/ida_lidar/bin'
[4.008s] Level 1:colcon.colcon_core.environment:checking '/home/vboxuser/Desktop/pcl/ros/install/ida_lidar/lib/pkgconfig/ida_lidar.pc'
[4.008s] Level 1:colcon.colcon_core.environment:checking '/home/vboxuser/Desktop/pcl/ros/install/ida_lidar/lib/python3.12/site-packages'
[4.008s] Level 1:colcon.colcon_core.environment:checking '/home/vboxuser/Desktop/pcl/ros/install/ida_lidar/bin'
[4.008s] INFO:colcon.colcon_core.shell:Creating package script '/home/vboxuser/Desktop/pcl/ros/install/ida_lidar/share/ida_lidar/package.ps1'
[4.011s] INFO:colcon.colcon_core.shell:Creating package descriptor '/home/vboxuser/Desktop/pcl/ros/install/ida_lidar/share/ida_lidar/package.dsv'
[4.012s] INFO:colcon.colcon_core.shell:Creating package script '/home/vboxuser/Desktop/pcl/ros/install/ida_lidar/share/ida_lidar/package.sh'
[4.013s] INFO:colcon.colcon_core.shell:Creating package script '/home/vboxuser/Desktop/pcl/ros/install/ida_lidar/share/ida_lidar/package.bash'
[4.014s] INFO:colcon.colcon_core.shell:Creating package script '/home/vboxuser/Desktop/pcl/ros/install/ida_lidar/share/ida_lidar/package.zsh'
[4.014s] Level 1:colcon.colcon_core.environment:create_file_with_runtime_dependencies(/home/vboxuser/Desktop/pcl/ros/install/ida_lidar/share/colcon-core/packages/ida_lidar)
[4.015s] Level 1:colcon.colcon_core.environment:create_environment_scripts_only(ida_lidar)
[4.015s] Level 1:colcon.colcon_core.environment:checking '/home/vboxuser/Desktop/pcl/ros/install/ida_lidar' for CMake module files
[4.015s] Level 1:colcon.colcon_core.environment:checking '/home/vboxuser/Desktop/pcl/ros/install/ida_lidar' for CMake config files
[4.016s] Level 1:colcon.colcon_core.shell:create_environment_hook('ida_lidar', 'cmake_prefix_path')
[4.016s] INFO:colcon.colcon_core.shell:Creating environment hook '/home/vboxuser/Desktop/pcl/ros/install/ida_lidar/share/ida_lidar/hook/cmake_prefix_path.ps1'
[4.016s] INFO:colcon.colcon_core.shell:Creating environment descriptor '/home/vboxuser/Desktop/pcl/ros/install/ida_lidar/share/ida_lidar/hook/cmake_prefix_path.dsv'
[4.016s] INFO:colcon.colcon_core.shell:Creating environment hook '/home/vboxuser/Desktop/pcl/ros/install/ida_lidar/share/ida_lidar/hook/cmake_prefix_path.sh'
[4.017s] Level 1:colcon.colcon_core.environment:checking '/home/vboxuser/Desktop/pcl/ros/install/ida_lidar/bin'
[4.017s] Level 1:colcon.colcon_core.environment:checking '/home/vboxuser/Desktop/pcl/ros/install/ida_lidar/lib/pkgconfig/ida_lidar.pc'
[4.017s] Level 1:colcon.colcon_core.environment:checking '/home/vboxuser/Desktop/pcl/ros/install/ida_lidar/lib/python3.12/site-packages'
[4.018s] Level 1:colcon.colcon_core.environment:checking '/home/vboxuser/Desktop/pcl/ros/install/ida_lidar/bin'
[4.018s] INFO:colcon.colcon_core.shell:Creating package script '/home/vboxuser/Desktop/pcl/ros/install/ida_lidar/share/ida_lidar/package.ps1'
[4.018s] INFO:colcon.colcon_core.shell:Creating package descriptor '/home/vboxuser/Desktop/pcl/ros/install/ida_lidar/share/ida_lidar/package.dsv'
[4.019s] INFO:colcon.colcon_core.shell:Creating package script '/home/vboxuser/Desktop/pcl/ros/install/ida_lidar/share/ida_lidar/package.sh'
[4.019s] INFO:colcon.colcon_core.shell:Creating package script '/home/vboxuser/Desktop/pcl/ros/install/ida_lidar/share/ida_lidar/package.bash'
[4.020s] INFO:colcon.colcon_core.shell:Creating package script '/home/vboxuser/Desktop/pcl/ros/install/ida_lidar/share/ida_lidar/package.zsh'
[4.020s] Level 1:colcon.colcon_core.environment:create_file_with_runtime_dependencies(/home/vboxuser/Desktop/pcl/ros/install/ida_lidar/share/colcon-core/packages/ida_lidar)
[4.021s] DEBUG:colcon.colcon_parallel_executor.executor.parallel:closing loop
[4.021s] DEBUG:colcon.colcon_parallel_executor.executor.parallel:loop closed
[4.021s] DEBUG:colcon.colcon_parallel_executor.executor.parallel:run_until_complete finished with '0'
[4.022s] DEBUG:colcon.colcon_core.event_reactor:joining thread
[4.026s] INFO:colcon.colcon_core.plugin_system:Skipping extension 'colcon_notification.desktop_notification.terminal_notifier': Not used on non-Darwin systems
[4.026s] INFO:colcon.colcon_core.plugin_system:Skipping extension 'colcon_notification.desktop_notification.win32': Not used on non-Windows systems
[4.026s] INFO:colcon.colcon_notification.desktop_notification:Sending desktop notification using 'notify2'
[4.040s] DEBUG:colcon.colcon_core.event_reactor:joined thread
[4.040s] INFO:colcon.colcon_core.shell:Creating prefix script '/home/vboxuser/Desktop/pcl/ros/install/local_setup.ps1'
[4.041s] INFO:colcon.colcon_core.shell:Creating prefix util module '/home/vboxuser/Desktop/pcl/ros/install/_local_setup_util_ps1.py'
[4.042s] INFO:colcon.colcon_core.shell:Creating prefix chain script '/home/vboxuser/Desktop/pcl/ros/install/setup.ps1'
[4.043s] INFO:colcon.colcon_core.shell:Creating prefix script '/home/vboxuser/Desktop/pcl/ros/install/local_setup.sh'
[4.043s] INFO:colcon.colcon_core.shell:Creating prefix util module '/home/vboxuser/Desktop/pcl/ros/install/_local_setup_util_sh.py'
[4.046s] INFO:colcon.colcon_core.shell:Creating prefix chain script '/home/vboxuser/Desktop/pcl/ros/install/setup.sh'
[4.047s] INFO:colcon.colcon_core.shell:Creating prefix script '/home/vboxuser/Desktop/pcl/ros/install/local_setup.bash'
[4.047s] INFO:colcon.colcon_core.shell:Creating prefix chain script '/home/vboxuser/Desktop/pcl/ros/install/setup.bash'
[4.048s] INFO:colcon.colcon_core.shell:Creating prefix script '/home/vboxuser/Desktop/pcl/ros/install/local_setup.zsh'
[4.048s] INFO:colcon.colcon_core.shell:Creating prefix chain script '/home/vboxuser/Desktop/pcl/ros/install/setup.zsh'
