[0.015s] Invoking command in '/home/vboxuser/Desktop/pcl/ros/build/ida_lidar': DEBUGINFOD_URLS=https://debuginfod.ubuntu.com /usr/bin/cmake /home/vboxuser/Desktop/pcl/ros/src -DCMAKE_INSTALL_PREFIX=/home/vboxuser/Desktop/pcl/ros/install/ida_lidar
[0.119s] -- The C compiler identification is GNU 13.3.0
[0.177s] -- The CXX compiler identification is GNU 13.3.0
[0.202s] -- Detecting C compiler ABI info
[0.300s] -- Detecting C compiler ABI info - done
[0.307s] -- Check for working C compiler: /usr/bin/cc - skipped
[0.309s] -- Detecting C compile features
[0.310s] -- Detecting C compile features - done
[0.323s] -- Detecting CXX compiler ABI info
[0.430s] -- Detecting CXX compiler ABI info - done
[0.437s] -- Check for working CXX compiler: /usr/bin/c++ - skipped
[0.437s] -- Detecting CXX compile features
[0.437s] -- Detecting CXX compile features - done
[0.476s] -- Found ament_cmake: 2.5.5 (/opt/ros/jazzy/share/ament_cmake/cmake)
[0.611s] -- Found Python3: /usr/bin/python3 (found version "3.12.3") found components: Interpreter 
[0.731s] -- Found rclcpp: 28.1.16 (/opt/ros/jazzy/share/rclcpp/cmake)
[0.798s] -- Found rosidl_generator_c: 4.6.7 (/opt/ros/jazzy/share/rosidl_generator_c/cmake)
[0.822s] -- Found rosidl_generator_cpp: 4.6.7 (/opt/ros/jazzy/share/rosidl_generator_cpp/cmake)
[0.854s] -- Using all available rosidl_typesupport_c: rosidl_typesupport_fastrtps_c;rosidl_typesupport_introspection_c
[0.884s] -- Using all available rosidl_typesupport_cpp: rosidl_typesupport_fastrtps_cpp;rosidl_typesupport_introspection_cpp
[0.992s] -- Found rmw_implementation_cmake: 7.3.3 (/opt/ros/jazzy/share/rmw_implementation_cmake/cmake)
[0.997s] -- Found rmw_fastrtps_cpp: 8.4.3 (/opt/ros/jazzy/share/rmw_fastrtps_cpp/cmake)
[1.118s] -- Found OpenSSL: /usr/lib/x86_64-linux-gnu/libcrypto.so (found version "3.0.13")  
[1.138s] -- Found FastRTPS: /opt/ros/jazzy/include (Required is at least version "2.13") 
[1.158s] -- Using RMW implementation 'rmw_fastrtps_cpp' as default
[1.269s] -- Found sensor_msgs: 5.3.6 (/opt/ros/jazzy/share/sensor_msgs/cmake)
[1.351s] -- Found pcl_conversions: 2.6.2 (/opt/ros/jazzy/share/pcl_conversions/cmake)
[1.452s] [33mCMake Warning (dev) at /usr/lib/x86_64-linux-gnu/cmake/pcl/Modules/FindFLANN.cmake:45 (find_package):
[1.452s]   Policy CMP0144 is not set: find_package uses upper-case <PACKAGENAME>_ROOT
[1.452s]   variables.  Run "cmake --help-policy CMP0144" for policy details.  Use the
[1.452s]   cmake_policy command to set the policy and suppress this warning.
[1.452s] 
[1.453s]   CMake variable FLANN_ROOT is set to:
[1.453s] 
[1.453s]     /usr
[1.453s] 
[1.453s]   For compatibility, find_package is ignoring the variable, but code in a
[1.453s]   .cmake module might still use it.
[1.453s] Call Stack (most recent call first):
[1.453s]   /usr/lib/x86_64-linux-gnu/cmake/pcl/PCLConfig.cmake:261 (find_package)
[1.453s]   /usr/lib/x86_64-linux-gnu/cmake/pcl/PCLConfig.cmake:306 (find_flann)
[1.453s]   /usr/lib/x86_64-linux-gnu/cmake/pcl/PCLConfig.cmake:570 (find_external_library)
[1.453s]   /opt/ros/jazzy/share/pcl_conversions/cmake/ament_cmake_export_dependencies-extras.cmake:21 (find_package)
[1.453s]   /opt/ros/jazzy/share/pcl_conversions/cmake/pcl_conversionsConfig.cmake:41 (include)
[1.453s]   CMakeLists.txt:12 (find_package)
[1.453s] This warning is for project developers.  Use -Wno-dev to suppress it.
[1.453s] [0m
[1.456s] -- Found flann version 1.9.2
[1.742s] -- Found OpenMP_CXX: -fopenmp (found version "4.5") 
[1.743s] -- Found OpenMP: TRUE (found version "4.5") found components: CXX 
[3.044s] -- Checking for module 'libusb-1.0'
[3.060s] --   Found libusb-1.0, version 1.0.27
[3.096s] -- Found libusb: /usr/lib/x86_64-linux-gnu/libusb-1.0.so  
[3.097s] -- OpenNI found (version: 1.5.4.0, include: /usr/include/ni, lib: /usr/lib/libOpenNI.so;libusb::libusb)
[3.158s] -- OpenNI2 found (version: 2.2.0.33, include: /usr/include/openni2, lib: /usr/lib/x86_64-linux-gnu/libOpenNI2.so;libusb::libusb)
[3.162s] -- Could NOT find Pcap (missing: PCAP_LIBRARIES PCAP_INCLUDE_DIRS) 
[3.170s] -- Found ZLIB: /usr/lib/x86_64-linux-gnu/libz.so (found version "1.3")  
[3.187s] -- Found PNG: /usr/lib/x86_64-linux-gnu/libpng.so (found version "1.6.43") 
[3.500s] -- OpenNI found (version: 1.5.4.0, include: /usr/include/ni, lib: /usr/lib/libOpenNI.so;libusb::libusb)
[3.505s] -- OpenNI2 found (version: 2.2.0.33, include: /usr/include/openni2, lib: /usr/lib/x86_64-linux-gnu/libOpenNI2.so;libusb::libusb)
[3.795s] -- Found Qhull version 8.0.2
[4.113s] -- OpenNI found (version: 1.5.4.0, include: /usr/include/ni, lib: /usr/lib/libOpenNI.so;libusb::libusb)
[4.423s] -- Found PCL_COMMON: /usr/lib/x86_64-linux-gnu/libpcl_common.so  
[4.424s] -- Found PCL_KDTREE: /usr/lib/x86_64-linux-gnu/libpcl_kdtree.so  
[4.425s] -- Found PCL_OCTREE: /usr/lib/x86_64-linux-gnu/libpcl_octree.so  
[4.426s] -- Found PCL_SEARCH: /usr/lib/x86_64-linux-gnu/libpcl_search.so  
[4.427s] -- Found PCL_SAMPLE_CONSENSUS: /usr/lib/x86_64-linux-gnu/libpcl_sample_consensus.so  
[4.429s] -- Found PCL_FILTERS: /usr/lib/x86_64-linux-gnu/libpcl_filters.so  
[4.429s] -- Found PCL_2D: /usr/include/pcl-1.14  
[4.429s] -- Found PCL_GEOMETRY: /usr/include/pcl-1.14  
[4.430s] -- Found PCL_IO: /usr/lib/x86_64-linux-gnu/libpcl_io.so  
[4.431s] -- Found PCL_FEATURES: /usr/lib/x86_64-linux-gnu/libpcl_features.so  
[4.432s] -- Found PCL_ML: /usr/lib/x86_64-linux-gnu/libpcl_ml.so  
[4.432s] -- Found PCL_SEGMENTATION: /usr/lib/x86_64-linux-gnu/libpcl_segmentation.so  
[4.433s] -- Found PCL_VISUALIZATION: /usr/lib/x86_64-linux-gnu/libpcl_visualization.so  
[4.434s] -- Found PCL_SURFACE: /usr/lib/x86_64-linux-gnu/libpcl_surface.so  
[4.435s] -- Found PCL_REGISTRATION: /usr/lib/x86_64-linux-gnu/libpcl_registration.so  
[4.436s] -- Found PCL_KEYPOINTS: /usr/lib/x86_64-linux-gnu/libpcl_keypoints.so  
[4.437s] -- Found PCL_TRACKING: /usr/lib/x86_64-linux-gnu/libpcl_tracking.so  
[4.438s] -- Found PCL_RECOGNITION: /usr/lib/x86_64-linux-gnu/libpcl_recognition.so  
[4.442s] -- Found PCL_STEREO: /usr/lib/x86_64-linux-gnu/libpcl_stereo.so  
[4.442s] -- Found PCL_APPS: /usr/lib/x86_64-linux-gnu/libpcl_apps.so  
[4.442s] -- Found PCL_IN_HAND_SCANNER: /usr/include/pcl-1.14  
[4.442s] -- Found PCL_MODELER: /usr/include/pcl-1.14  
[4.442s] -- Found PCL_POINT_CLOUD_EDITOR: /usr/include/pcl-1.14  
[4.442s] -- Found PCL_OUTOFCORE: /usr/lib/x86_64-linux-gnu/libpcl_outofcore.so  
[4.443s] -- Found PCL_PEOPLE: /usr/lib/x86_64-linux-gnu/libpcl_people.so  
[4.445s] [33mCMake Warning (dev) at CMakeLists.txt:14 (find_package):
[4.445s]   Policy CMP0074 is not set: find_package uses <PackageName>_ROOT variables.
[4.445s]   Run "cmake --help-policy CMP0074" for policy details.  Use the cmake_policy
[4.445s]   command to set the policy and suppress this warning.
[4.445s] 
[4.445s]   CMake variable PCL_ROOT is set to:
[4.445s] 
[4.445s]     /usr
[4.445s] 
[4.445s]   For compatibility, CMake is ignoring the variable.
[4.445s] This warning is for project developers.  Use -Wno-dev to suppress it.
[4.445s] [0m
[4.458s] [0mCMake Error: File /home/vboxuser/Desktop/pcl/ros/src/package.xml does not exist.[0m
[4.458s] [31mCMake Error at /opt/ros/jazzy/share/ament_cmake_core/cmake/core/stamp.cmake:24 (configure_file):
[4.458s]   configure_file Problem configuring file
[4.459s] Call Stack (most recent call first):
[4.459s]   /opt/ros/jazzy/share/ament_cmake_core/cmake/core/ament_package_xml.cmake:73 (stamp)
[4.459s]   /opt/ros/jazzy/share/ament_cmake_core/cmake/core/ament_package_xml.cmake:49 (_ament_package_xml)
[4.459s]   /opt/ros/jazzy/share/ament_cmake_core/cmake/core/ament_package.cmake:63 (ament_package_xml)
[4.459s]   CMakeLists.txt:36 (ament_package)
[4.459s] 
[4.459s] [0m
[4.465s] -- Configuring incomplete, errors occurred!
[4.480s] Invoked command in '/home/vboxuser/Desktop/pcl/ros/build/ida_lidar' returned '1': DEBUGINFOD_URLS=https://debuginfod.ubuntu.com /usr/bin/cmake /home/vboxuser/Desktop/pcl/ros/src -DCMAKE_INSTALL_PREFIX=/home/vboxuser/Desktop/pcl/ros/install/ida_lidar
